../Core/Src/main.c:51:1:__io_putchar	16	static
../Core/Src/main.c:119:5:main	24	static
../Core/Src/main.c:237:6:SystemClock_Config	88	static
../Core/Src/main.c:289:6:HAL_UART_RxCpltCallback	16	static
../Core/Src/main.c:296:6:HAL_TIM_IC_CaptureCallback	16	static
../Core/Src/main.c:403:6:HCSR04_Read_1	8	static
../Core/Src/main.c:412:6:HCSR04_Read_2	8	static
../Core/Src/main.c:421:6:HCSR04_Read_3	8	static
../Core/Src/main.c:432:6:delay_1	16	static
../Core/Src/main.c:438:6:delay_2	16	static
../Core/Src/main.c:444:6:delay_3	16	static
../Core/Src/main.c:451:6:Average_Difference	8	static
../Core/Src/main.c:491:6:Error_Handler	4	static,ignoring_inline_asm
